// Jest Snapshot v1, https://goo.gl/fbAQLP

exports[`writing tmp files from index writeTmpSpecificFile output matches specific snapshot 1`] = `
"Quis molestiae tempora eligendi omnis quisquam quisquam quos. Dolor voluptatibus velit nobis culpa deleniti. Reprehenderit in nisi et. Quia odio et inventore eligendi in deserunt id. Sit odio quia vitae provident quo provident molestiae.
 
Pariatur quos est quod laborum. Quisquam esse quia expedita commodi. Tempora ut exercitationem doloribus harum. Sunt omnis et accusantium et quia quos sequi molestiae. Enim necessitatibus molestiae.
 
Eligendi rerum excepturi et laudantium fuga similique fugit corporis voluptatem. Esse nobis et sint magnam aut. Dolores maiores incidunt occaecati iusto laborum. Quia deleniti dolorem quibusdam id veniam perspiciatis et nisi. Corporis laboriosam esse. Soluta accusamus officiis ut excepturi blanditiis libero ut.
 
Fuga enim tempore non voluptas quia vitae ipsam voluptas. Et dolor adipisci dolores sunt non explicabo occaecati rerum nesciunt. Sint est asperiores sit voluptatum mollitia enim iste. Nesciunt minima sequi voluptas optio aut voluptatem. Eligendi voluptates iste eius iure commodi molestiae.
 
Quo ex reprehenderit ipsa incidunt corporis vel in unde. Iste asperiores consequatur ex quidem omnis inventore deserunt. Eligendi officiis voluptatem. In omnis labore consequatur nisi. Excepturi doloremque nam omnis odit labore magni rerum quia. Distinctio adipisci nulla exercitationem omnis illum.
 
Eum cum ipsam consequatur ex accusamus ipsum. Eum inventore laboriosam deleniti omnis occaecati. Culpa occaecati nemo alias et doloribus expedita. Ut quia ut nostrum ducimus occaecati veniam ut exercitationem voluptatibus. Quaerat porro error sint aut aliquid qui. Minus officiis neque dolorem animi maiores et aliquid.
 
Beatae et molestiae consequatur sed rerum qui voluptates unde. Explicabo accusantium exercitationem illum. Et similique illo blanditiis et facere rem quod molestias ab. Impedit aliquam quo vel dolorem consequatur. Consequatur quis nobis nemo asperiores nam ea aut consectetur. Corrupti necessitatibus quas optio ea odio sit odio.
 
Id error ut dicta aut qui qui vel voluptatum. Ipsum molestiae inventore placeat nesciunt. Laboriosam facere odio beatae nobis vero quia.
 
Voluptates molestiae magni beatae vitae atque eos. In vitae nihil accusamus natus et quia dolores. Dolores vel quis totam. Consequatur voluptas consequatur expedita omnis laudantium recusandae error culpa nihil. Quis porro voluptatem vel. Libero fugiat doloremque deserunt quidem totam aperiam tempore.
 
Rem cumque quia delectus perspiciatis sunt. Inventore et officia. Facere assumenda excepturi sunt et aut corporis cumque quos distinctio. Ab quia autem consectetur occaecati nemo molestiae nisi temporibus soluta. Illo deleniti aut sit id quia."
`;
